// Bun Snapshot v1, https://goo.gl/fbAQLP

exports[`generates a project with --expo-router, --nativewind, --npm, --overwrite 1`] = `
{
  "dependencies": {
    "@expo/vector-icons": "",
    "@react-navigation/native": "",
    "expo": "",
    "expo-constants": "",
    "expo-linking": "",
    "expo-router": "",
    "expo-status-bar": "",
    "expo-system-ui": "",
    "expo-web-browser": "",
    "nativewind": "",
    "react": "",
    "react-dom": "",
    "react-native": "",
    "react-native-gesture-handler": "",
    "react-native-reanimated": "",
    "react-native-safe-area-context": "",
    "react-native-screens": "",
    "react-native-web": "",
  },
  "devDependencies": {
    "@babel/core": "",
    "@types/react": "",
    "@typescript-eslint/eslint-plugin": "",
    "@typescript-eslint/parser": "",
    "eslint": "",
    "eslint-config-universe": "",
    "prettier": "",
    "prettier-plugin-tailwindcss": "",
    "tailwindcss": "",
    "typescript": "",
  },
  "eslintConfig": {
    "extends": "universe/native",
    "root": true,
  },
  "expo": {
    "install": {
      "exclude": [
        "react-native-safe-area-context",
      ],
    },
  },
  "main": "expo-router/entry",
  "name": "myTestProject",
  "private": true,
  "scripts": {
    "android": "expo start --android",
    "format": "eslint "**/*.{js,jsx,ts,tsx}" --fix && prettier "**/*.{js,jsx,ts,tsx,json}" --write",
    "ios": "expo start --ios",
    "lint": "eslint "**/*.{js,jsx,ts,tsx}" && prettier -c "**/*.{js,jsx,ts,tsx,json}"",
    "prebuild": "expo prebuild",
    "start": "expo start",
    "web": "expo start --web",
  },
  "version": "1.0.0",
}
`;

exports[`generates a project with --expo-router, --nativewind, --npm, --overwrite 2`] = `
{
  "cesVersion": undefined,
  "flags": {
    "eas": false,
    "importAlias": true,
    "noGit": false,
    "noInstall": false,
    "overwrite": true,
    "packageManager": "npm",
  },
  "os": {},
  "packageManager": {
    "type": "npm",
    "version": undefined,
  },
  "packages": [
    {
      "name": "expo-router",
      "options": {
        "type": "stack",
      },
      "type": "navigation",
    },
    {
      "name": "nativewind",
      "type": "styling",
    },
  ],
  "projectName": "myTestProject",
}
`;

exports[`generates a project with --expo-router, --stylesheet, --npm, --overwrite 1`] = `
{
  "dependencies": {
    "@expo/vector-icons": "",
    "@react-navigation/native": "",
    "expo": "",
    "expo-constants": "",
    "expo-linking": "",
    "expo-router": "",
    "expo-status-bar": "",
    "expo-system-ui": "",
    "expo-web-browser": "",
    "nativewind": "",
    "react": "",
    "react-dom": "",
    "react-native": "",
    "react-native-gesture-handler": "",
    "react-native-reanimated": "",
    "react-native-safe-area-context": "",
    "react-native-screens": "",
    "react-native-web": "",
  },
  "devDependencies": {
    "@babel/core": "",
    "@types/react": "",
    "@typescript-eslint/eslint-plugin": "",
    "@typescript-eslint/parser": "",
    "eslint": "",
    "eslint-config-universe": "",
    "prettier": "",
    "prettier-plugin-tailwindcss": "",
    "tailwindcss": "",
    "typescript": "",
  },
  "eslintConfig": {
    "extends": "universe/native",
    "root": true,
  },
  "expo": {
    "install": {
      "exclude": [
        "react-native-safe-area-context",
      ],
    },
  },
  "main": "expo-router/entry",
  "name": "myTestProject",
  "private": true,
  "scripts": {
    "android": "expo start --android",
    "format": "eslint "**/*.{js,jsx,ts,tsx}" --fix && prettier "**/*.{js,jsx,ts,tsx,json}" --write",
    "ios": "expo start --ios",
    "lint": "eslint "**/*.{js,jsx,ts,tsx}" && prettier -c "**/*.{js,jsx,ts,tsx,json}"",
    "prebuild": "expo prebuild",
    "start": "expo start",
    "web": "expo start --web",
  },
  "version": "1.0.0",
}
`;

exports[`generates a project with --expo-router, --stylesheet, --npm, --overwrite 2`] = `
{
  "cesVersion": undefined,
  "flags": {
    "eas": false,
    "importAlias": true,
    "noGit": false,
    "noInstall": false,
    "overwrite": true,
    "packageManager": "npm",
  },
  "os": {},
  "packageManager": {
    "type": "npm",
    "version": undefined,
  },
  "packages": [
    {
      "name": "expo-router",
      "options": {
        "type": "stack",
      },
      "type": "navigation",
    },
    {
      "name": "nativewind",
      "type": "styling",
    },
  ],
  "projectName": "myTestProject",
}
`;

exports[`generates a project with --expo-router, --tabs, --nativewind, --npm, --overwrite 1`] = `
{
  "dependencies": {
    "@expo/vector-icons": "",
    "@react-navigation/native": "",
    "expo": "",
    "expo-constants": "",
    "expo-linking": "",
    "expo-router": "",
    "expo-status-bar": "",
    "expo-system-ui": "",
    "expo-web-browser": "",
    "nativewind": "",
    "react": "",
    "react-dom": "",
    "react-native": "",
    "react-native-gesture-handler": "",
    "react-native-reanimated": "",
    "react-native-safe-area-context": "",
    "react-native-screens": "",
    "react-native-web": "",
  },
  "devDependencies": {
    "@babel/core": "",
    "@types/react": "",
    "@typescript-eslint/eslint-plugin": "",
    "@typescript-eslint/parser": "",
    "eslint": "",
    "eslint-config-universe": "",
    "prettier": "",
    "prettier-plugin-tailwindcss": "",
    "tailwindcss": "",
    "typescript": "",
  },
  "eslintConfig": {
    "extends": "universe/native",
    "root": true,
  },
  "expo": {
    "install": {
      "exclude": [
        "react-native-safe-area-context",
      ],
    },
  },
  "main": "expo-router/entry",
  "name": "myTestProject",
  "private": true,
  "scripts": {
    "android": "expo start --android",
    "format": "eslint "**/*.{js,jsx,ts,tsx}" --fix && prettier "**/*.{js,jsx,ts,tsx,json}" --write",
    "ios": "expo start --ios",
    "lint": "eslint "**/*.{js,jsx,ts,tsx}" && prettier -c "**/*.{js,jsx,ts,tsx,json}"",
    "prebuild": "expo prebuild",
    "start": "expo start",
    "web": "expo start --web",
  },
  "version": "1.0.0",
}
`;

exports[`generates a project with --expo-router, --tabs, --nativewind, --npm, --overwrite 2`] = `
{
  "cesVersion": undefined,
  "flags": {
    "eas": false,
    "importAlias": true,
    "noGit": false,
    "noInstall": false,
    "overwrite": true,
    "packageManager": "npm",
  },
  "os": {},
  "packageManager": {
    "type": "npm",
    "version": undefined,
  },
  "packages": [
    {
      "name": "expo-router",
      "options": {
        "type": "stack",
      },
      "type": "navigation",
    },
    {
      "name": "nativewind",
      "type": "styling",
    },
  ],
  "projectName": "myTestProject",
}
`;

exports[`generates a project with --expo-router, --tabs, --stylesheet, --npm, --overwrite 1`] = `
{
  "dependencies": {
    "@expo/vector-icons": "",
    "@react-navigation/native": "",
    "expo": "",
    "expo-constants": "",
    "expo-linking": "",
    "expo-router": "",
    "expo-status-bar": "",
    "expo-system-ui": "",
    "expo-web-browser": "",
    "nativewind": "",
    "react": "",
    "react-dom": "",
    "react-native": "",
    "react-native-gesture-handler": "",
    "react-native-reanimated": "",
    "react-native-safe-area-context": "",
    "react-native-screens": "",
    "react-native-web": "",
  },
  "devDependencies": {
    "@babel/core": "",
    "@types/react": "",
    "@typescript-eslint/eslint-plugin": "",
    "@typescript-eslint/parser": "",
    "eslint": "",
    "eslint-config-universe": "",
    "prettier": "",
    "prettier-plugin-tailwindcss": "",
    "tailwindcss": "",
    "typescript": "",
  },
  "eslintConfig": {
    "extends": "universe/native",
    "root": true,
  },
  "expo": {
    "install": {
      "exclude": [
        "react-native-safe-area-context",
      ],
    },
  },
  "main": "expo-router/entry",
  "name": "myTestProject",
  "private": true,
  "scripts": {
    "android": "expo start --android",
    "format": "eslint "**/*.{js,jsx,ts,tsx}" --fix && prettier "**/*.{js,jsx,ts,tsx,json}" --write",
    "ios": "expo start --ios",
    "lint": "eslint "**/*.{js,jsx,ts,tsx}" && prettier -c "**/*.{js,jsx,ts,tsx,json}"",
    "prebuild": "expo prebuild",
    "start": "expo start",
    "web": "expo start --web",
  },
  "version": "1.0.0",
}
`;

exports[`generates a project with --expo-router, --tabs, --stylesheet, --npm, --overwrite 2`] = `
{
  "cesVersion": undefined,
  "flags": {
    "eas": false,
    "importAlias": true,
    "noGit": false,
    "noInstall": false,
    "overwrite": true,
    "packageManager": "npm",
  },
  "os": {},
  "packageManager": {
    "type": "npm",
    "version": undefined,
  },
  "packages": [
    {
      "name": "expo-router",
      "options": {
        "type": "stack",
      },
      "type": "navigation",
    },
    {
      "name": "nativewind",
      "type": "styling",
    },
  ],
  "projectName": "myTestProject",
}
`;

exports[`generates a project with --expo-router, --drawer+tabs, --nativewind, --npm, --overwrite 1`] = `
{
  "dependencies": {
    "@expo/vector-icons": "",
    "@react-navigation/native": "",
    "expo": "",
    "expo-constants": "",
    "expo-linking": "",
    "expo-router": "",
    "expo-status-bar": "",
    "expo-system-ui": "",
    "expo-web-browser": "",
    "nativewind": "",
    "react": "",
    "react-dom": "",
    "react-native": "",
    "react-native-gesture-handler": "",
    "react-native-reanimated": "",
    "react-native-safe-area-context": "",
    "react-native-screens": "",
    "react-native-web": "",
  },
  "devDependencies": {
    "@babel/core": "",
    "@types/react": "",
    "@typescript-eslint/eslint-plugin": "",
    "@typescript-eslint/parser": "",
    "eslint": "",
    "eslint-config-universe": "",
    "prettier": "",
    "prettier-plugin-tailwindcss": "",
    "tailwindcss": "",
    "typescript": "",
  },
  "eslintConfig": {
    "extends": "universe/native",
    "root": true,
  },
  "expo": {
    "install": {
      "exclude": [
        "react-native-safe-area-context",
      ],
    },
  },
  "main": "expo-router/entry",
  "name": "myTestProject",
  "private": true,
  "scripts": {
    "android": "expo start --android",
    "format": "eslint "**/*.{js,jsx,ts,tsx}" --fix && prettier "**/*.{js,jsx,ts,tsx,json}" --write",
    "ios": "expo start --ios",
    "lint": "eslint "**/*.{js,jsx,ts,tsx}" && prettier -c "**/*.{js,jsx,ts,tsx,json}"",
    "prebuild": "expo prebuild",
    "start": "expo start",
    "web": "expo start --web",
  },
  "version": "1.0.0",
}
`;

exports[`generates a project with --expo-router, --drawer+tabs, --nativewind, --npm, --overwrite 2`] = `
{
  "cesVersion": undefined,
  "flags": {
    "eas": false,
    "importAlias": true,
    "noGit": false,
    "noInstall": false,
    "overwrite": true,
    "packageManager": "npm",
  },
  "os": {},
  "packageManager": {
    "type": "npm",
    "version": undefined,
  },
  "packages": [
    {
      "name": "expo-router",
      "options": {
        "type": "stack",
      },
      "type": "navigation",
    },
    {
      "name": "nativewind",
      "type": "styling",
    },
  ],
  "projectName": "myTestProject",
}
`;

exports[`generates a project with --expo-router, --drawer+tabs, --stylesheet, --npm, --overwrite 1`] = `
{
  "dependencies": {
    "@expo/vector-icons": "",
    "@react-navigation/native": "",
    "expo": "",
    "expo-constants": "",
    "expo-linking": "",
    "expo-router": "",
    "expo-status-bar": "",
    "expo-system-ui": "",
    "expo-web-browser": "",
    "nativewind": "",
    "react": "",
    "react-dom": "",
    "react-native": "",
    "react-native-gesture-handler": "",
    "react-native-reanimated": "",
    "react-native-safe-area-context": "",
    "react-native-screens": "",
    "react-native-web": "",
  },
  "devDependencies": {
    "@babel/core": "",
    "@types/react": "",
    "@typescript-eslint/eslint-plugin": "",
    "@typescript-eslint/parser": "",
    "eslint": "",
    "eslint-config-universe": "",
    "prettier": "",
    "prettier-plugin-tailwindcss": "",
    "tailwindcss": "",
    "typescript": "",
  },
  "eslintConfig": {
    "extends": "universe/native",
    "root": true,
  },
  "expo": {
    "install": {
      "exclude": [
        "react-native-safe-area-context",
      ],
    },
  },
  "main": "expo-router/entry",
  "name": "myTestProject",
  "private": true,
  "scripts": {
    "android": "expo start --android",
    "format": "eslint "**/*.{js,jsx,ts,tsx}" --fix && prettier "**/*.{js,jsx,ts,tsx,json}" --write",
    "ios": "expo start --ios",
    "lint": "eslint "**/*.{js,jsx,ts,tsx}" && prettier -c "**/*.{js,jsx,ts,tsx,json}"",
    "prebuild": "expo prebuild",
    "start": "expo start",
    "web": "expo start --web",
  },
  "version": "1.0.0",
}
`;

exports[`generates a project with --expo-router, --drawer+tabs, --stylesheet, --npm, --overwrite 2`] = `
{
  "cesVersion": undefined,
  "flags": {
    "eas": false,
    "importAlias": true,
    "noGit": false,
    "noInstall": false,
    "overwrite": true,
    "packageManager": "npm",
  },
  "os": {},
  "packageManager": {
    "type": "npm",
    "version": undefined,
  },
  "packages": [
    {
      "name": "expo-router",
      "options": {
        "type": "stack",
      },
      "type": "navigation",
    },
    {
      "name": "nativewind",
      "type": "styling",
    },
  ],
  "projectName": "myTestProject",
}
`;
